ERROR: Already an event with that name
ERROR: Agenda not found
======== Agenda ========
09:00 Introduction talk
10:00 Coffee socialising
11:00 Session 1
12:00 Session 2
13:00 Break
14:00 Session 3
15:00 End of workshop
===== END OF Agenda =====
